// Jest Snapshot v1, https://goo.gl/fbAQLP

exports[`renders without crashing 1`] = `
.css-0,
[data-css-0] {
  font-family: system-ui, -apple-system, BlinkMacSystemFont, "Segoe UI", "Roboto", "Oxygen", "Ubuntu", "Cantarell", "Fira Sans", "Droid Sans", "Helvetica Neue", sans-serif;
  box-sizing: border-box;
}

.css-0 *,
[data-css-0] *,
.css-0 *:before,
[data-css-0] *:before,
.css-0 *:after,
[data-css-0] *:after {
  box-sizing: inherit;
}

<div
  className="css-0"
/>
`;
